...........................................................              [100%]
=============================== warnings summary ===============================
../.venv/lib/python3.12/site-packages/fastapi/testclient.py:1
  /workspace/scratch/30a3e7f71237/.venv/lib/python3.12/site-packages/fastapi/testclient.py:1: StarletteDeprecationWarning: Using `httpx` with `starlette.testclient` is deprecated; install `httpx2` instead.
    from starlette.testclient import TestClient as TestClient  # noqa

-- Docs: https://docs.pytest.org/en/stable/how-to/capture-warnings.html
59 passed, 1 warning in 67.12s (0:01:07)
